mode: set
github.com/Zmey56/go-exercise/cmd/server/main.go:19.13,28.16 6 0
github.com/Zmey56/go-exercise/cmd/server/main.go:28.16,30.3 1 0
github.com/Zmey56/go-exercise/cmd/server/main.go:31.2,31.15 1 0
github.com/Zmey56/go-exercise/cmd/server/main.go:31.15,32.42 1 0
github.com/Zmey56/go-exercise/cmd/server/main.go:32.42,34.4 1 0
github.com/Zmey56/go-exercise/cmd/server/main.go:38.2,58.91 12 0
github.com/Zmey56/go-exercise/cmd/server/main.go:58.91,62.17 3 0
github.com/Zmey56/go-exercise/cmd/server/main.go:62.17,64.4 1 0
github.com/Zmey56/go-exercise/cmd/server/main.go:65.3,65.23 1 0
github.com/Zmey56/go-exercise/cmd/server/main.go:65.23,67.4 1 0
github.com/Zmey56/go-exercise/cmd/server/main.go:68.3,68.55 1 0
github.com/Zmey56/go-exercise/cmd/server/main.go:71.2,71.74 1 0
github.com/Zmey56/go-exercise/cmd/server/main.go:71.74,73.3 1 0
github.com/Zmey56/go-exercise/cmd/server/main.go:74.2,74.15 1 0
github.com/Zmey56/go-exercise/cmd/server/main.go:74.15,75.58 1 0
github.com/Zmey56/go-exercise/cmd/server/main.go:75.58,77.4 1 0
github.com/Zmey56/go-exercise/cmd/server/main.go:81.2,81.12 1 0
github.com/Zmey56/go-exercise/cmd/server/main.go:81.12,84.7 3 0
github.com/Zmey56/go-exercise/cmd/server/main.go:84.7,85.11 1 0
github.com/Zmey56/go-exercise/cmd/server/main.go:86.20,87.33 1 0
github.com/Zmey56/go-exercise/cmd/server/main.go:88.22,89.11 1 0
github.com/Zmey56/go-exercise/cmd/server/main.go:94.2,95.12 2 0
github.com/Zmey56/go-exercise/cmd/server/main.go:95.12,98.3 2 0
github.com/Zmey56/go-exercise/cmd/server/main.go:100.2,100.9 1 0
github.com/Zmey56/go-exercise/cmd/server/main.go:101.20,103.41 2 0
github.com/Zmey56/go-exercise/cmd/server/main.go:104.22,105.17 1 0
github.com/Zmey56/go-exercise/cmd/server/main.go:105.17,107.4 1 0
github.com/Zmey56/go-exercise/cmd/server/main.go:111.37,112.34 1 0
github.com/Zmey56/go-exercise/cmd/server/main.go:112.34,114.3 1 0
github.com/Zmey56/go-exercise/cmd/server/main.go:115.2,115.12 1 0
github.com/Zmey56/go-exercise/cmd/server/main.go:118.63,119.34 1 0
github.com/Zmey56/go-exercise/cmd/server/main.go:119.34,120.50 1 0
github.com/Zmey56/go-exercise/cmd/server/main.go:120.50,122.4 1 0
github.com/Zmey56/go-exercise/cmd/server/main.go:124.2,124.12 1 0
github.com/Zmey56/go-exercise/internal/health/checker.go:34.28,36.2 1 0
github.com/Zmey56/go-exercise/internal/health/checker.go:38.41,40.2 1 0
github.com/Zmey56/go-exercise/internal/health/checker.go:42.61,44.2 1 0
github.com/Zmey56/go-exercise/internal/health/checker.go:46.64,47.24 1 0
github.com/Zmey56/go-exercise/internal/health/checker.go:47.24,49.3 1 0
github.com/Zmey56/go-exercise/internal/health/checker.go:51.2,54.33 3 0
github.com/Zmey56/go-exercise/internal/health/checker.go:54.33,57.39 3 0
github.com/Zmey56/go-exercise/internal/health/checker.go:57.39,59.4 1 0
github.com/Zmey56/go-exercise/internal/health/checker.go:62.2,65.3 1 0
github.com/Zmey56/go-exercise/internal/health/checker.go:76.16,78.2 1 0
github.com/Zmey56/go-exercise/internal/health/checker.go:80.61,81.20 1 0
github.com/Zmey56/go-exercise/internal/health/checker.go:81.20,87.3 1 0
github.com/Zmey56/go-exercise/internal/health/checker.go:88.2,91.3 1 0
github.com/Zmey56/go-exercise/internal/health/checker.go:102.17,104.2 1 0
github.com/Zmey56/go-exercise/internal/health/checker.go:106.62,107.21 1 0
github.com/Zmey56/go-exercise/internal/health/checker.go:107.21,113.3 1 0
github.com/Zmey56/go-exercise/internal/health/checker.go:115.2,119.16 4 0
github.com/Zmey56/go-exercise/internal/health/checker.go:119.16,125.3 1 0
github.com/Zmey56/go-exercise/internal/health/checker.go:127.2,130.3 1 0
github.com/Zmey56/go-exercise/internal/health/legacy_cache_check.go:17.22,19.2 1 0
github.com/Zmey56/go-exercise/internal/health/legacy_cache_check.go:22.67,23.20 1 0
github.com/Zmey56/go-exercise/internal/health/legacy_cache_check.go:23.20,29.3 1 0
github.com/Zmey56/go-exercise/internal/health/legacy_cache_check.go:30.2,33.3 1 0
github.com/Zmey56/go-exercise/internal/resp/response.go:12.54,16.2 3 0
github.com/Zmey56/go-exercise/internal/pairs/pairs.go:10.50,12.42 2 1
github.com/Zmey56/go-exercise/internal/pairs/pairs.go:12.42,14.3 1 1
github.com/Zmey56/go-exercise/internal/pairs/pairs.go:15.2,16.57 2 1
github.com/Zmey56/go-exercise/internal/pairs/pairs.go:16.57,18.3 1 1
github.com/Zmey56/go-exercise/internal/pairs/pairs.go:19.2,19.39 1 1
github.com/Zmey56/go-exercise/internal/pairs/pairs.go:24.54,26.16 2 1
github.com/Zmey56/go-exercise/internal/pairs/pairs.go:26.16,28.3 1 1
github.com/Zmey56/go-exercise/internal/pairs/pairs.go:29.2,33.14 3 1
github.com/Zmey56/go-exercise/internal/pairs/pairs.go:34.13,36.21 1 1
github.com/Zmey56/go-exercise/internal/pairs/pairs.go:36.21,38.4 1 1
github.com/Zmey56/go-exercise/internal/pairs/pairs.go:38.9,40.4 1 1
github.com/Zmey56/go-exercise/internal/pairs/pairs.go:43.2,43.15 1 1
github.com/Zmey56/go-exercise/internal/pairs/pairs.go:44.13,45.17 1 1
github.com/Zmey56/go-exercise/internal/pairs/pairs.go:46.13,47.17 1 1
github.com/Zmey56/go-exercise/internal/pairs/pairs.go:48.13,48.13 0 1
github.com/Zmey56/go-exercise/internal/pairs/pairs.go:52.2,52.26 1 1
github.com/Zmey56/go-exercise/internal/pairs/pairs.go:56.51,57.18 1 1
github.com/Zmey56/go-exercise/internal/pairs/pairs.go:57.18,59.3 1 1
github.com/Zmey56/go-exercise/internal/pairs/pairs.go:61.2,64.9 2 1
github.com/Zmey56/go-exercise/internal/pairs/pairs.go:65.38,67.18 2 1
github.com/Zmey56/go-exercise/internal/pairs/pairs.go:68.37,70.18 2 1
github.com/Zmey56/go-exercise/internal/pairs/pairs.go:71.10,72.62 1 1
github.com/Zmey56/go-exercise/internal/pairs/pairs.go:76.2,76.15 1 1
github.com/Zmey56/go-exercise/internal/pairs/pairs.go:77.14,78.16 1 1
github.com/Zmey56/go-exercise/internal/pairs/pairs.go:79.14,80.16 1 1
github.com/Zmey56/go-exercise/internal/pairs/pairs.go:81.13,81.13 0 1
github.com/Zmey56/go-exercise/internal/pairs/pairs.go:83.10,84.73 1 0
github.com/Zmey56/go-exercise/internal/pairs/pairs.go:87.2,87.32 1 1
github.com/Zmey56/go-exercise/internal/ltp/service.go:24.39,26.2 1 1
github.com/Zmey56/go-exercise/internal/ltp/service.go:46.54,51.2 1 1
github.com/Zmey56/go-exercise/internal/ltp/service.go:55.84,56.25 1 1
github.com/Zmey56/go-exercise/internal/ltp/service.go:56.25,58.3 1 1
github.com/Zmey56/go-exercise/internal/ltp/service.go:61.2,63.30 3 1
github.com/Zmey56/go-exercise/internal/ltp/service.go:63.30,65.17 2 1
github.com/Zmey56/go-exercise/internal/ltp/service.go:65.17,67.4 1 1
github.com/Zmey56/go-exercise/internal/ltp/service.go:68.3,68.28 1 1
github.com/Zmey56/go-exercise/internal/ltp/service.go:68.28,71.4 2 1
github.com/Zmey56/go-exercise/internal/ltp/service.go:75.2,79.32 4 1
github.com/Zmey56/go-exercise/internal/ltp/service.go:79.32,81.17 2 1
github.com/Zmey56/go-exercise/internal/ltp/service.go:81.17,83.4 1 0
github.com/Zmey56/go-exercise/internal/ltp/service.go:84.3,84.36 1 1
github.com/Zmey56/go-exercise/internal/ltp/service.go:84.36,86.12 2 1
github.com/Zmey56/go-exercise/internal/ltp/service.go:88.3,88.62 1 1
github.com/Zmey56/go-exercise/internal/ltp/service.go:91.2,91.21 1 1
github.com/Zmey56/go-exercise/internal/ltp/service.go:91.21,94.29 2 1
github.com/Zmey56/go-exercise/internal/ltp/service.go:94.29,96.4 1 1
github.com/Zmey56/go-exercise/internal/ltp/service.go:99.3,100.17 2 1
github.com/Zmey56/go-exercise/internal/ltp/service.go:100.17,102.4 1 1
github.com/Zmey56/go-exercise/internal/ltp/service.go:105.3,105.29 1 1
github.com/Zmey56/go-exercise/internal/ltp/service.go:105.29,107.11 2 1
github.com/Zmey56/go-exercise/internal/ltp/service.go:107.11,111.5 1 1
github.com/Zmey56/go-exercise/internal/ltp/service.go:112.4,113.28 2 1
github.com/Zmey56/go-exercise/internal/ltp/service.go:118.2,120.25 3 1
github.com/Zmey56/go-exercise/internal/ltp/service.go:120.25,122.3 1 1
github.com/Zmey56/go-exercise/internal/ltp/service.go:123.2,123.39 1 1
github.com/Zmey56/go-exercise/internal/ltp/service.go:123.39,123.87 1 1
github.com/Zmey56/go-exercise/internal/ltp/service.go:125.2,125.25 1 1
github.com/Zmey56/go-exercise/internal/ltp/service.go:125.25,127.3 1 1
github.com/Zmey56/go-exercise/internal/ltp/service.go:129.2,129.17 1 1
github.com/Zmey56/go-exercise/internal/kraken/client.go:24.56,26.2 1 0
github.com/Zmey56/go-exercise/internal/kraken/client.go:28.65,29.23 1 1
github.com/Zmey56/go-exercise/internal/kraken/client.go:29.23,31.3 1 0
github.com/Zmey56/go-exercise/internal/kraken/client.go:32.2,36.3 1 1
github.com/Zmey56/go-exercise/internal/kraken/client.go:41.101,44.15 3 1
github.com/Zmey56/go-exercise/internal/kraken/client.go:44.15,47.3 2 1
github.com/Zmey56/go-exercise/internal/kraken/client.go:49.2,49.23 1 1
github.com/Zmey56/go-exercise/internal/kraken/client.go:49.23,52.3 2 1
github.com/Zmey56/go-exercise/internal/kraken/client.go:54.2,55.53 2 1
github.com/Zmey56/go-exercise/internal/kraken/client.go:55.53,59.3 3 1
github.com/Zmey56/go-exercise/internal/kraken/client.go:61.2,61.16 1 1
github.com/Zmey56/go-exercise/internal/kraken/client.go:61.16,64.3 2 1
github.com/Zmey56/go-exercise/internal/kraken/client.go:66.2,67.20 2 1
github.com/Zmey56/go-exercise/internal/kraken/client.go:71.97,77.16 5 1
github.com/Zmey56/go-exercise/internal/kraken/client.go:77.16,79.3 1 0
github.com/Zmey56/go-exercise/internal/kraken/client.go:81.2,82.16 2 1
github.com/Zmey56/go-exercise/internal/kraken/client.go:82.16,84.3 1 1
github.com/Zmey56/go-exercise/internal/kraken/client.go:85.2,87.38 2 1
github.com/Zmey56/go-exercise/internal/kraken/client.go:87.38,91.3 2 1
github.com/Zmey56/go-exercise/internal/kraken/client.go:93.2,94.63 2 1
github.com/Zmey56/go-exercise/internal/kraken/client.go:94.63,96.3 1 1
github.com/Zmey56/go-exercise/internal/kraken/client.go:98.2,98.23 1 1
github.com/Zmey56/go-exercise/internal/kraken/client.go:98.23,101.3 1 1
github.com/Zmey56/go-exercise/internal/kraken/client.go:103.2,104.36 2 1
github.com/Zmey56/go-exercise/internal/kraken/client.go:104.36,105.24 1 1
github.com/Zmey56/go-exercise/internal/kraken/client.go:105.24,106.12 1 1
github.com/Zmey56/go-exercise/internal/kraken/client.go:109.3,110.58 2 1
github.com/Zmey56/go-exercise/internal/kraken/client.go:110.58,112.4 1 1
github.com/Zmey56/go-exercise/internal/kraken/client.go:115.2,115.17 1 1
