mode: atomic
github.com/Zmey56/go-exercise/cmd/server/main.go:19.13,28.16 6 0
github.com/Zmey56/go-exercise/cmd/server/main.go:28.16,30.3 1 0
github.com/Zmey56/go-exercise/cmd/server/main.go:31.2,31.15 1 0
github.com/Zmey56/go-exercise/cmd/server/main.go:31.15,32.42 1 0
github.com/Zmey56/go-exercise/cmd/server/main.go:32.42,34.4 1 0
github.com/Zmey56/go-exercise/cmd/server/main.go:38.2,58.91 12 0
github.com/Zmey56/go-exercise/cmd/server/main.go:58.91,62.17 3 0
github.com/Zmey56/go-exercise/cmd/server/main.go:62.17,64.4 1 0
github.com/Zmey56/go-exercise/cmd/server/main.go:65.3,65.23 1 0
github.com/Zmey56/go-exercise/cmd/server/main.go:65.23,67.4 1 0
github.com/Zmey56/go-exercise/cmd/server/main.go:68.3,68.55 1 0
github.com/Zmey56/go-exercise/cmd/server/main.go:71.2,71.74 1 0
github.com/Zmey56/go-exercise/cmd/server/main.go:71.74,73.3 1 0
github.com/Zmey56/go-exercise/cmd/server/main.go:74.2,74.15 1 0
github.com/Zmey56/go-exercise/cmd/server/main.go:74.15,75.58 1 0
github.com/Zmey56/go-exercise/cmd/server/main.go:75.58,77.4 1 0
github.com/Zmey56/go-exercise/cmd/server/main.go:81.2,81.12 1 0
github.com/Zmey56/go-exercise/cmd/server/main.go:81.12,84.7 3 0
github.com/Zmey56/go-exercise/cmd/server/main.go:84.7,85.11 1 0
github.com/Zmey56/go-exercise/cmd/server/main.go:86.20,87.33 1 0
github.com/Zmey56/go-exercise/cmd/server/main.go:88.22,89.11 1 0
github.com/Zmey56/go-exercise/cmd/server/main.go:94.2,95.12 2 0
github.com/Zmey56/go-exercise/cmd/server/main.go:95.12,98.3 2 0
github.com/Zmey56/go-exercise/cmd/server/main.go:100.2,100.9 1 0
github.com/Zmey56/go-exercise/cmd/server/main.go:101.20,103.41 2 0
github.com/Zmey56/go-exercise/cmd/server/main.go:104.22,105.17 1 0
github.com/Zmey56/go-exercise/cmd/server/main.go:105.17,107.4 1 0
github.com/Zmey56/go-exercise/cmd/server/main.go:111.37,112.34 1 0
github.com/Zmey56/go-exercise/cmd/server/main.go:112.34,114.3 1 0
github.com/Zmey56/go-exercise/cmd/server/main.go:115.2,115.12 1 0
github.com/Zmey56/go-exercise/cmd/server/main.go:118.63,119.34 1 0
github.com/Zmey56/go-exercise/cmd/server/main.go:119.34,120.50 1 0
github.com/Zmey56/go-exercise/cmd/server/main.go:120.50,122.4 1 0
github.com/Zmey56/go-exercise/cmd/server/main.go:124.2,124.12 1 0
github.com/Zmey56/go-exercise/internal/resp/response.go:12.54,16.2 3 0
github.com/Zmey56/go-exercise/internal/backoff/backoff.go:25.29,33.2 1 2
github.com/Zmey56/go-exercise/internal/backoff/backoff.go:42.34,47.2 1 7
github.com/Zmey56/go-exercise/internal/backoff/backoff.go:56.115,59.63 2 5
github.com/Zmey56/go-exercise/internal/backoff/backoff.go:59.63,65.17 4 10
github.com/Zmey56/go-exercise/internal/backoff/backoff.go:65.17,67.4 1 2
github.com/Zmey56/go-exercise/internal/backoff/backoff.go:69.3,72.24 2 8
github.com/Zmey56/go-exercise/internal/backoff/backoff.go:72.24,74.4 1 1
github.com/Zmey56/go-exercise/internal/backoff/backoff.go:77.3,77.38 1 7
github.com/Zmey56/go-exercise/internal/backoff/backoff.go:77.38,78.9 1 1
github.com/Zmey56/go-exercise/internal/backoff/backoff.go:82.3,88.10 3 6
github.com/Zmey56/go-exercise/internal/backoff/backoff.go:89.21,90.20 1 1
github.com/Zmey56/go-exercise/internal/backoff/backoff.go:91.28,91.28 0 5
github.com/Zmey56/go-exercise/internal/backoff/backoff.go:96.2,96.95 1 1
github.com/Zmey56/go-exercise/internal/backoff/backoff.go:100.61,105.40 2 22
github.com/Zmey56/go-exercise/internal/backoff/backoff.go:105.40,107.3 1 2
github.com/Zmey56/go-exercise/internal/backoff/backoff.go:110.2,110.31 1 22
github.com/Zmey56/go-exercise/internal/backoff/backoff.go:110.31,113.3 2 13
github.com/Zmey56/go-exercise/internal/backoff/backoff.go:116.2,116.15 1 22
github.com/Zmey56/go-exercise/internal/backoff/backoff.go:116.15,118.3 1 0
github.com/Zmey56/go-exercise/internal/backoff/backoff.go:120.2,120.29 1 22
github.com/Zmey56/go-exercise/internal/backoff/backoff.go:124.43,126.40 1 9
github.com/Zmey56/go-exercise/internal/backoff/backoff.go:126.40,130.3 2 8
github.com/Zmey56/go-exercise/internal/backoff/backoff.go:131.2,131.14 1 1
github.com/Zmey56/go-exercise/internal/backoff/backoff.go:140.35,142.2 1 1
github.com/Zmey56/go-exercise/internal/backoff/backoff.go:145.61,150.2 1 9
github.com/Zmey56/go-exercise/internal/health/checker.go:34.28,36.2 1 2
github.com/Zmey56/go-exercise/internal/health/checker.go:38.41,40.2 1 2
github.com/Zmey56/go-exercise/internal/health/checker.go:42.61,44.2 1 1
github.com/Zmey56/go-exercise/internal/health/checker.go:46.64,47.24 1 3
github.com/Zmey56/go-exercise/internal/health/checker.go:47.24,49.3 1 1
github.com/Zmey56/go-exercise/internal/health/checker.go:51.2,54.33 3 2
github.com/Zmey56/go-exercise/internal/health/checker.go:54.33,57.39 3 3
github.com/Zmey56/go-exercise/internal/health/checker.go:57.39,59.4 1 1
github.com/Zmey56/go-exercise/internal/health/checker.go:62.2,65.3 1 2
github.com/Zmey56/go-exercise/internal/health/checker.go:76.16,78.2 1 0
github.com/Zmey56/go-exercise/internal/health/checker.go:80.61,81.20 1 0
github.com/Zmey56/go-exercise/internal/health/checker.go:81.20,87.3 1 0
github.com/Zmey56/go-exercise/internal/health/checker.go:88.2,91.3 1 0
github.com/Zmey56/go-exercise/internal/health/checker.go:102.17,104.2 1 2
github.com/Zmey56/go-exercise/internal/health/checker.go:106.62,107.21 1 2
github.com/Zmey56/go-exercise/internal/health/checker.go:107.21,113.3 1 0
github.com/Zmey56/go-exercise/internal/health/checker.go:115.2,119.16 4 2
github.com/Zmey56/go-exercise/internal/health/checker.go:119.16,125.3 1 1
github.com/Zmey56/go-exercise/internal/health/checker.go:127.2,130.3 1 1
github.com/Zmey56/go-exercise/internal/health/legacy_cache_check.go:19.22,21.2 1 2
github.com/Zmey56/go-exercise/internal/health/legacy_cache_check.go:24.67,25.20 1 2
github.com/Zmey56/go-exercise/internal/health/legacy_cache_check.go:25.20,31.3 1 1
github.com/Zmey56/go-exercise/internal/health/legacy_cache_check.go:34.2,42.34 5 1
github.com/Zmey56/go-exercise/internal/health/legacy_cache_check.go:42.34,48.3 1 0
github.com/Zmey56/go-exercise/internal/health/legacy_cache_check.go:50.2,53.3 1 1
github.com/Zmey56/go-exercise/internal/httpserver/server.go:37.48,72.2 11 13
github.com/Zmey56/go-exercise/internal/httpserver/server.go:74.32,76.2 1 0
github.com/Zmey56/go-exercise/internal/httpserver/server.go:78.54,81.2 2 0
github.com/Zmey56/go-exercise/internal/httpserver/server.go:83.53,85.2 1 0
github.com/Zmey56/go-exercise/internal/httpserver/server.go:87.68,89.32 1 10
github.com/Zmey56/go-exercise/internal/httpserver/server.go:89.32,92.3 2 1
github.com/Zmey56/go-exercise/internal/httpserver/server.go:96.2,99.33 3 9
github.com/Zmey56/go-exercise/internal/httpserver/server.go:99.33,101.3 1 4
github.com/Zmey56/go-exercise/internal/httpserver/server.go:101.8,101.43 1 5
github.com/Zmey56/go-exercise/internal/httpserver/server.go:101.43,103.27 2 2
github.com/Zmey56/go-exercise/internal/httpserver/server.go:103.27,105.15 2 4
github.com/Zmey56/go-exercise/internal/httpserver/server.go:105.15,107.5 1 4
github.com/Zmey56/go-exercise/internal/httpserver/server.go:109.8,112.3 1 3
github.com/Zmey56/go-exercise/internal/httpserver/server.go:114.2,114.21 1 9
github.com/Zmey56/go-exercise/internal/httpserver/server.go:114.21,117.3 2 0
github.com/Zmey56/go-exercise/internal/httpserver/server.go:119.2,121.16 3 9
github.com/Zmey56/go-exercise/internal/httpserver/server.go:121.16,123.28 2 2
github.com/Zmey56/go-exercise/internal/httpserver/server.go:123.28,126.4 2 1
github.com/Zmey56/go-exercise/internal/httpserver/server.go:127.3,129.9 3 1
github.com/Zmey56/go-exercise/internal/httpserver/server.go:133.2,138.36 3 7
github.com/Zmey56/go-exercise/internal/httpserver/server.go:141.71,142.32 1 5
github.com/Zmey56/go-exercise/internal/httpserver/server.go:142.32,145.3 2 0
github.com/Zmey56/go-exercise/internal/httpserver/server.go:147.2,149.47 3 5
github.com/Zmey56/go-exercise/internal/httpserver/server.go:149.47,151.3 1 0
github.com/Zmey56/go-exercise/internal/httpserver/server.go:153.2,155.41 3 5
github.com/Zmey56/go-exercise/internal/httpserver/server.go:158.70,159.32 1 5
github.com/Zmey56/go-exercise/internal/httpserver/server.go:159.32,162.3 2 0
github.com/Zmey56/go-exercise/internal/httpserver/server.go:164.2,166.47 3 5
github.com/Zmey56/go-exercise/internal/httpserver/server.go:166.47,168.3 1 0
github.com/Zmey56/go-exercise/internal/httpserver/server.go:170.2,172.41 3 5
github.com/Zmey56/go-exercise/internal/httpserver/server.go:176.43,177.71 1 13
github.com/Zmey56/go-exercise/internal/httpserver/server.go:177.71,182.37 4 4
github.com/Zmey56/go-exercise/internal/httpserver/server.go:182.37,185.4 2 1
github.com/Zmey56/go-exercise/internal/httpserver/server.go:187.3,187.23 1 3
github.com/Zmey56/go-exercise/internal/httpserver/server.go:192.46,193.71 1 13
github.com/Zmey56/go-exercise/internal/httpserver/server.go:193.71,197.3 3 3
github.com/Zmey56/go-exercise/internal/httpserver/server.go:201.47,202.71 1 13
github.com/Zmey56/go-exercise/internal/httpserver/server.go:202.71,203.16 1 3
github.com/Zmey56/go-exercise/internal/httpserver/server.go:203.16,204.36 1 3
github.com/Zmey56/go-exercise/internal/httpserver/server.go:204.36,207.5 2 0
github.com/Zmey56/go-exercise/internal/httpserver/server.go:209.3,209.23 1 3
github.com/Zmey56/go-exercise/internal/httpserver/server.go:214.56,215.71 1 13
github.com/Zmey56/go-exercise/internal/httpserver/server.go:215.71,228.3 7 3
github.com/Zmey56/go-exercise/internal/httpserver/server.go:236.49,239.2 2 0
github.com/Zmey56/go-exercise/internal/httpserver/server.go:242.70,243.71 1 18
github.com/Zmey56/go-exercise/internal/httpserver/server.go:243.71,245.84 1 57
github.com/Zmey56/go-exercise/internal/httpserver/server.go:245.84,248.4 2 10
github.com/Zmey56/go-exercise/internal/httpserver/server.go:250.3,251.31 2 47
github.com/Zmey56/go-exercise/internal/httpserver/server.go:251.31,256.4 2 15
github.com/Zmey56/go-exercise/internal/httpserver/server.go:258.3,258.23 1 32
github.com/Zmey56/go-exercise/internal/httpserver/server.go:263.54,265.2 1 2
github.com/Zmey56/go-exercise/internal/httpserver/server.go:268.43,272.2 3 1
github.com/Zmey56/go-exercise/internal/httpserver/server.go:274.72,275.32 1 0
github.com/Zmey56/go-exercise/internal/httpserver/server.go:275.32,278.3 2 0
github.com/Zmey56/go-exercise/internal/httpserver/server.go:281.2,284.56 2 0
github.com/Zmey56/go-exercise/internal/httpserver/server.go:284.56,287.3 2 0
github.com/Zmey56/go-exercise/internal/httpserver/server.go:289.2,291.35 3 0
github.com/Zmey56/go-exercise/internal/httpserver/server.go:294.74,295.32 1 0
github.com/Zmey56/go-exercise/internal/httpserver/server.go:295.32,298.3 2 0
github.com/Zmey56/go-exercise/internal/httpserver/server.go:301.2,336.30 5 0
github.com/Zmey56/go-exercise/internal/ltp/service.go:24.39,26.2 1 3
github.com/Zmey56/go-exercise/internal/ltp/service.go:46.54,51.2 1 10
github.com/Zmey56/go-exercise/internal/ltp/service.go:55.84,56.25 1 11
github.com/Zmey56/go-exercise/internal/ltp/service.go:56.25,58.3 1 1
github.com/Zmey56/go-exercise/internal/ltp/service.go:61.2,63.30 3 10
github.com/Zmey56/go-exercise/internal/ltp/service.go:63.30,65.17 2 14
github.com/Zmey56/go-exercise/internal/ltp/service.go:65.17,67.4 1 1
github.com/Zmey56/go-exercise/internal/ltp/service.go:68.3,68.28 1 13
github.com/Zmey56/go-exercise/internal/ltp/service.go:68.28,71.4 2 11
github.com/Zmey56/go-exercise/internal/ltp/service.go:75.2,79.32 4 9
github.com/Zmey56/go-exercise/internal/ltp/service.go:79.32,81.17 2 11
github.com/Zmey56/go-exercise/internal/ltp/service.go:81.17,83.4 1 0
github.com/Zmey56/go-exercise/internal/ltp/service.go:84.3,84.36 1 11
github.com/Zmey56/go-exercise/internal/ltp/service.go:84.36,86.12 2 3
github.com/Zmey56/go-exercise/internal/ltp/service.go:88.3,88.62 1 8
github.com/Zmey56/go-exercise/internal/ltp/service.go:91.2,91.21 1 9
github.com/Zmey56/go-exercise/internal/ltp/service.go:91.21,94.29 2 7
github.com/Zmey56/go-exercise/internal/ltp/service.go:94.29,96.4 1 8
github.com/Zmey56/go-exercise/internal/ltp/service.go:99.3,100.17 2 7
github.com/Zmey56/go-exercise/internal/ltp/service.go:100.17,102.4 1 1
github.com/Zmey56/go-exercise/internal/ltp/service.go:105.3,105.29 1 6
github.com/Zmey56/go-exercise/internal/ltp/service.go:105.29,107.11 2 7
github.com/Zmey56/go-exercise/internal/ltp/service.go:107.11,111.5 1 2
github.com/Zmey56/go-exercise/internal/ltp/service.go:112.4,113.28 2 5
github.com/Zmey56/go-exercise/internal/ltp/service.go:118.2,120.25 3 6
github.com/Zmey56/go-exercise/internal/ltp/service.go:120.25,122.3 1 8
github.com/Zmey56/go-exercise/internal/ltp/service.go:123.2,123.39 1 6
github.com/Zmey56/go-exercise/internal/ltp/service.go:123.39,123.87 1 2
github.com/Zmey56/go-exercise/internal/ltp/service.go:125.2,125.25 1 6
github.com/Zmey56/go-exercise/internal/ltp/service.go:125.25,127.3 1 8
github.com/Zmey56/go-exercise/internal/ltp/service.go:129.2,129.17 1 6
github.com/Zmey56/go-exercise/internal/pairs/pairs.go:10.50,12.42 2 17
github.com/Zmey56/go-exercise/internal/pairs/pairs.go:12.42,14.3 1 4
github.com/Zmey56/go-exercise/internal/pairs/pairs.go:15.2,16.57 2 13
github.com/Zmey56/go-exercise/internal/pairs/pairs.go:16.57,18.3 1 3
github.com/Zmey56/go-exercise/internal/pairs/pairs.go:19.2,19.39 1 10
github.com/Zmey56/go-exercise/internal/pairs/pairs.go:24.54,26.16 2 8
github.com/Zmey56/go-exercise/internal/pairs/pairs.go:26.16,28.3 1 2
github.com/Zmey56/go-exercise/internal/pairs/pairs.go:29.2,33.14 3 6
github.com/Zmey56/go-exercise/internal/pairs/pairs.go:34.13,36.21 1 6
github.com/Zmey56/go-exercise/internal/pairs/pairs.go:36.21,38.4 1 2
github.com/Zmey56/go-exercise/internal/pairs/pairs.go:38.9,40.4 1 4
github.com/Zmey56/go-exercise/internal/pairs/pairs.go:43.2,43.15 1 6
github.com/Zmey56/go-exercise/internal/pairs/pairs.go:44.13,45.17 1 2
github.com/Zmey56/go-exercise/internal/pairs/pairs.go:46.13,47.17 1 2
github.com/Zmey56/go-exercise/internal/pairs/pairs.go:48.13,48.13 0 2
github.com/Zmey56/go-exercise/internal/pairs/pairs.go:52.2,52.26 1 6
github.com/Zmey56/go-exercise/internal/pairs/pairs.go:56.51,57.18 1 8
github.com/Zmey56/go-exercise/internal/pairs/pairs.go:57.18,59.3 1 1
github.com/Zmey56/go-exercise/internal/pairs/pairs.go:61.2,64.9 2 7
github.com/Zmey56/go-exercise/internal/pairs/pairs.go:65.38,67.18 2 4
github.com/Zmey56/go-exercise/internal/pairs/pairs.go:68.37,70.18 2 2
github.com/Zmey56/go-exercise/internal/pairs/pairs.go:71.10,72.62 1 1
github.com/Zmey56/go-exercise/internal/pairs/pairs.go:76.2,76.15 1 6
github.com/Zmey56/go-exercise/internal/pairs/pairs.go:77.14,78.16 1 2
github.com/Zmey56/go-exercise/internal/pairs/pairs.go:79.14,80.16 1 2
github.com/Zmey56/go-exercise/internal/pairs/pairs.go:81.13,81.13 0 2
github.com/Zmey56/go-exercise/internal/pairs/pairs.go:83.10,84.73 1 0
github.com/Zmey56/go-exercise/internal/pairs/pairs.go:87.2,87.32 1 6
github.com/Zmey56/go-exercise/internal/ratelimit/bucket.go:19.62,28.2 2 18
github.com/Zmey56/go-exercise/internal/ratelimit/bucket.go:31.37,33.2 1 40
github.com/Zmey56/go-exercise/internal/ratelimit/bucket.go:36.45,42.20 4 43
github.com/Zmey56/go-exercise/internal/ratelimit/bucket.go:42.20,45.3 2 38
github.com/Zmey56/go-exercise/internal/ratelimit/bucket.go:46.2,46.14 1 5
github.com/Zmey56/go-exercise/internal/ratelimit/bucket.go:50.39,55.2 4 9
github.com/Zmey56/go-exercise/internal/ratelimit/bucket.go:58.41,60.2 1 13
github.com/Zmey56/go-exercise/internal/ratelimit/bucket.go:63.33,67.18 3 52
github.com/Zmey56/go-exercise/internal/ratelimit/bucket.go:67.18,69.3 1 0
github.com/Zmey56/go-exercise/internal/ratelimit/bucket.go:72.2,74.21 2 52
github.com/Zmey56/go-exercise/internal/ratelimit/bucket.go:74.21,76.30 2 4
github.com/Zmey56/go-exercise/internal/ratelimit/bucket.go:76.30,78.4 1 2
github.com/Zmey56/go-exercise/internal/ratelimit/bucket.go:79.3,79.22 1 4
github.com/Zmey56/go-exercise/internal/ratelimit/limiter.go:28.29,37.2 1 1
github.com/Zmey56/go-exercise/internal/ratelimit/limiter.go:55.49,67.2 3 4
github.com/Zmey56/go-exercise/internal/ratelimit/limiter.go:70.46,72.30 1 18
github.com/Zmey56/go-exercise/internal/ratelimit/limiter.go:72.30,75.3 2 2
github.com/Zmey56/go-exercise/internal/ratelimit/limiter.go:78.2,78.21 1 16
github.com/Zmey56/go-exercise/internal/ratelimit/limiter.go:78.21,83.3 3 1
github.com/Zmey56/go-exercise/internal/ratelimit/limiter.go:85.2,86.13 2 15
github.com/Zmey56/go-exercise/internal/ratelimit/limiter.go:90.48,98.13 5 16
github.com/Zmey56/go-exercise/internal/ratelimit/limiter.go:98.13,105.3 3 8
github.com/Zmey56/go-exercise/internal/ratelimit/limiter.go:107.2,108.29 2 16
github.com/Zmey56/go-exercise/internal/ratelimit/limiter.go:112.44,116.55 3 1
github.com/Zmey56/go-exercise/internal/ratelimit/limiter.go:116.55,118.3 1 1
github.com/Zmey56/go-exercise/internal/ratelimit/limiter.go:122.41,126.6 3 4
github.com/Zmey56/go-exercise/internal/ratelimit/limiter.go:126.6,127.10 1 7
github.com/Zmey56/go-exercise/internal/ratelimit/limiter.go:128.19,129.16 1 3
github.com/Zmey56/go-exercise/internal/ratelimit/limiter.go:130.25,131.10 1 4
github.com/Zmey56/go-exercise/internal/ratelimit/limiter.go:137.34,144.38 5 3
github.com/Zmey56/go-exercise/internal/ratelimit/limiter.go:144.38,145.36 1 6
github.com/Zmey56/go-exercise/internal/ratelimit/limiter.go:145.36,147.4 1 3
github.com/Zmey56/go-exercise/internal/ratelimit/limiter.go:150.2,150.61 1 3
github.com/Zmey56/go-exercise/internal/ratelimit/limiter.go:154.31,156.2 1 4
github.com/Zmey56/go-exercise/internal/ratelimit/limiter.go:159.41,172.2 5 4
github.com/Zmey56/go-exercise/internal/ratelimit/limiter.go:183.40,185.55 1 5
github.com/Zmey56/go-exercise/internal/ratelimit/limiter.go:185.55,187.55 1 2
github.com/Zmey56/go-exercise/internal/ratelimit/limiter.go:187.55,189.4 1 0
github.com/Zmey56/go-exercise/internal/ratelimit/limiter.go:190.3,190.13 1 2
github.com/Zmey56/go-exercise/internal/ratelimit/limiter.go:194.2,194.49 1 3
github.com/Zmey56/go-exercise/internal/ratelimit/limiter.go:194.49,196.3 1 1
github.com/Zmey56/go-exercise/internal/ratelimit/limiter.go:199.2,199.63 1 2
github.com/Zmey56/go-exercise/internal/ratelimit/limiter.go:199.63,201.3 1 1
github.com/Zmey56/go-exercise/internal/ratelimit/limiter.go:203.2,203.21 1 1
github.com/Zmey56/go-exercise/internal/cache/factory.go:23.38,25.2 1 0
github.com/Zmey56/go-exercise/internal/cache/factory.go:28.71,31.19 2 0
github.com/Zmey56/go-exercise/internal/cache/factory.go:32.23,33.39 1 0
github.com/Zmey56/go-exercise/internal/cache/factory.go:34.22,35.31 1 0
github.com/Zmey56/go-exercise/internal/cache/factory.go:36.25,37.39 1 0
github.com/Zmey56/go-exercise/internal/cache/factory.go:38.10,39.66 1 0
github.com/Zmey56/go-exercise/internal/cache/factory.go:44.79,48.16 3 0
github.com/Zmey56/go-exercise/internal/cache/factory.go:48.16,51.3 1 0
github.com/Zmey56/go-exercise/internal/cache/factory.go:54.2,54.50 1 0
github.com/Zmey56/go-exercise/internal/cache/factory.go:58.77,60.59 1 0
github.com/Zmey56/go-exercise/internal/cache/factory.go:60.59,61.31 1 0
github.com/Zmey56/go-exercise/internal/cache/factory.go:62.59,63.31 1 0
github.com/Zmey56/go-exercise/internal/cache/factory.go:68.2,68.74 1 0
github.com/Zmey56/go-exercise/internal/cache/factory.go:68.74,70.3 1 0
github.com/Zmey56/go-exercise/internal/cache/factory.go:73.2,73.24 1 0
github.com/Zmey56/go-exercise/internal/cache/factory.go:77.38,81.56 2 0
github.com/Zmey56/go-exercise/internal/cache/factory.go:81.56,83.3 1 0
github.com/Zmey56/go-exercise/internal/cache/factory.go:84.2,84.71 1 0
github.com/Zmey56/go-exercise/internal/cache/factory.go:84.71,86.3 1 0
github.com/Zmey56/go-exercise/internal/cache/factory.go:87.2,87.53 1 0
github.com/Zmey56/go-exercise/internal/cache/factory.go:87.53,88.51 1 0
github.com/Zmey56/go-exercise/internal/cache/factory.go:88.51,90.4 1 0
github.com/Zmey56/go-exercise/internal/cache/factory.go:94.2,94.68 1 0
github.com/Zmey56/go-exercise/internal/cache/factory.go:94.68,95.61 1 0
github.com/Zmey56/go-exercise/internal/cache/factory.go:95.61,97.4 1 0
github.com/Zmey56/go-exercise/internal/cache/factory.go:99.2,99.56 1 0
github.com/Zmey56/go-exercise/internal/cache/factory.go:99.56,100.57 1 0
github.com/Zmey56/go-exercise/internal/cache/factory.go:100.57,102.4 1 0
github.com/Zmey56/go-exercise/internal/cache/factory.go:106.2,106.59 1 0
github.com/Zmey56/go-exercise/internal/cache/factory.go:106.59,107.65 1 0
github.com/Zmey56/go-exercise/internal/cache/factory.go:107.65,109.4 1 0
github.com/Zmey56/go-exercise/internal/cache/factory.go:111.2,111.80 1 0
github.com/Zmey56/go-exercise/internal/cache/factory.go:111.80,113.3 1 0
github.com/Zmey56/go-exercise/internal/cache/factory.go:116.2,116.83 1 0
github.com/Zmey56/go-exercise/internal/cache/factory.go:116.83,117.71 1 0
github.com/Zmey56/go-exercise/internal/cache/factory.go:117.71,119.4 1 0
github.com/Zmey56/go-exercise/internal/cache/factory.go:121.2,121.80 1 0
github.com/Zmey56/go-exercise/internal/cache/factory.go:121.80,122.63 1 0
github.com/Zmey56/go-exercise/internal/cache/factory.go:122.63,124.4 1 0
github.com/Zmey56/go-exercise/internal/cache/factory.go:128.2,128.80 1 0
github.com/Zmey56/go-exercise/internal/cache/factory.go:128.80,129.67 1 0
github.com/Zmey56/go-exercise/internal/cache/factory.go:129.67,131.4 1 0
github.com/Zmey56/go-exercise/internal/cache/factory.go:133.2,133.71 1 0
github.com/Zmey56/go-exercise/internal/cache/factory.go:133.71,134.62 1 0
github.com/Zmey56/go-exercise/internal/cache/factory.go:134.62,136.4 1 0
github.com/Zmey56/go-exercise/internal/cache/factory.go:139.2,139.15 1 0
github.com/Zmey56/go-exercise/internal/cache/factory.go:143.42,147.2 3 0
github.com/Zmey56/go-exercise/internal/cache/fallback.go:22.73,33.2 3 3
github.com/Zmey56/go-exercise/internal/cache/fallback.go:36.89,39.16 2 3
github.com/Zmey56/go-exercise/internal/cache/fallback.go:39.16,42.17 2 1
github.com/Zmey56/go-exercise/internal/cache/fallback.go:42.17,44.4 1 0
github.com/Zmey56/go-exercise/internal/cache/fallback.go:45.3,45.27 1 1
github.com/Zmey56/go-exercise/internal/cache/fallback.go:48.2,48.11 1 2
github.com/Zmey56/go-exercise/internal/cache/fallback.go:48.11,50.79 1 2
github.com/Zmey56/go-exercise/internal/cache/fallback.go:50.79,52.4 1 0
github.com/Zmey56/go-exercise/internal/cache/fallback.go:53.3,53.26 1 2
github.com/Zmey56/go-exercise/internal/cache/fallback.go:57.2,58.16 2 0
github.com/Zmey56/go-exercise/internal/cache/fallback.go:58.16,60.3 1 0
github.com/Zmey56/go-exercise/internal/cache/fallback.go:62.2,62.26 1 0
github.com/Zmey56/go-exercise/internal/cache/fallback.go:66.106,68.60 1 4
github.com/Zmey56/go-exercise/internal/cache/fallback.go:68.60,71.3 1 1
github.com/Zmey56/go-exercise/internal/cache/fallback.go:74.2,74.78 1 3
github.com/Zmey56/go-exercise/internal/cache/fallback.go:74.78,78.3 1 0
github.com/Zmey56/go-exercise/internal/cache/fallback.go:79.2,79.12 1 3
github.com/Zmey56/go-exercise/internal/cache/fallback.go:83.71,85.51 1 0
github.com/Zmey56/go-exercise/internal/cache/fallback.go:85.51,88.3 1 0
github.com/Zmey56/go-exercise/internal/cache/fallback.go:91.2,92.12 2 0
github.com/Zmey56/go-exercise/internal/cache/fallback.go:96.58,98.45 1 1
github.com/Zmey56/go-exercise/internal/cache/fallback.go:98.45,101.3 1 0
github.com/Zmey56/go-exercise/internal/cache/fallback.go:104.2,105.12 2 1
github.com/Zmey56/go-exercise/internal/cache/fallback.go:109.105,112.16 2 0
github.com/Zmey56/go-exercise/internal/cache/fallback.go:112.16,115.3 1 0
github.com/Zmey56/go-exercise/internal/cache/fallback.go:118.2,119.27 2 0
github.com/Zmey56/go-exercise/internal/cache/fallback.go:119.27,120.38 1 0
github.com/Zmey56/go-exercise/internal/cache/fallback.go:120.38,122.4 1 0
github.com/Zmey56/go-exercise/internal/cache/fallback.go:125.2,125.26 1 0
github.com/Zmey56/go-exercise/internal/cache/fallback.go:125.26,127.17 2 0
github.com/Zmey56/go-exercise/internal/cache/fallback.go:127.17,128.43 1 0
github.com/Zmey56/go-exercise/internal/cache/fallback.go:128.43,130.5 1 0
github.com/Zmey56/go-exercise/internal/cache/fallback.go:134.2,134.20 1 0
github.com/Zmey56/go-exercise/internal/cache/fallback.go:138.113,140.63 1 0
github.com/Zmey56/go-exercise/internal/cache/fallback.go:140.63,143.3 1 0
github.com/Zmey56/go-exercise/internal/cache/fallback.go:146.2,147.12 2 0
github.com/Zmey56/go-exercise/internal/cache/fallback.go:151.101,154.16 2 0
github.com/Zmey56/go-exercise/internal/cache/fallback.go:154.16,157.3 1 0
github.com/Zmey56/go-exercise/internal/cache/fallback.go:159.2,159.11 1 0
github.com/Zmey56/go-exercise/internal/cache/fallback.go:159.11,163.3 2 0
github.com/Zmey56/go-exercise/internal/cache/fallback.go:166.2,166.45 1 0
github.com/Zmey56/go-exercise/internal/cache/fallback.go:170.99,172.67 1 0
github.com/Zmey56/go-exercise/internal/cache/fallback.go:172.67,175.3 1 0
github.com/Zmey56/go-exercise/internal/cache/fallback.go:178.2,179.12 2 0
github.com/Zmey56/go-exercise/internal/cache/fallback.go:183.90,185.56 1 0
github.com/Zmey56/go-exercise/internal/cache/fallback.go:185.56,188.3 1 0
github.com/Zmey56/go-exercise/internal/cache/fallback.go:191.2,192.12 2 0
github.com/Zmey56/go-exercise/internal/cache/fallback.go:196.85,199.16 2 0
github.com/Zmey56/go-exercise/internal/cache/fallback.go:199.16,202.3 1 0
github.com/Zmey56/go-exercise/internal/cache/fallback.go:204.2,204.17 1 0
github.com/Zmey56/go-exercise/internal/cache/fallback.go:208.72,211.16 2 0
github.com/Zmey56/go-exercise/internal/cache/fallback.go:211.16,214.3 1 0
github.com/Zmey56/go-exercise/internal/cache/fallback.go:217.2,219.42 2 0
github.com/Zmey56/go-exercise/internal/cache/fallback.go:223.66,226.16 2 1
github.com/Zmey56/go-exercise/internal/cache/fallback.go:226.16,229.3 1 0
github.com/Zmey56/go-exercise/internal/cache/fallback.go:232.2,234.40 2 1
github.com/Zmey56/go-exercise/internal/cache/fallback.go:238.100,239.30 1 2
github.com/Zmey56/go-exercise/internal/cache/fallback.go:239.30,241.3 1 0
github.com/Zmey56/go-exercise/internal/cache/fallback.go:244.2,244.47 1 2
github.com/Zmey56/go-exercise/internal/cache/fallback.go:244.47,247.3 2 4
github.com/Zmey56/go-exercise/internal/cache/fallback.go:250.2,253.12 3 2
github.com/Zmey56/go-exercise/internal/cache/fallback.go:257.55,261.9 3 3
github.com/Zmey56/go-exercise/internal/cache/fallback.go:262.18,264.13 1 1
github.com/Zmey56/go-exercise/internal/cache/fallback.go:265.10,266.18 1 2
github.com/Zmey56/go-exercise/internal/cache/fallback.go:269.2,270.12 2 2
github.com/Zmey56/go-exercise/internal/cache/fallback.go:274.85,280.6 4 4
github.com/Zmey56/go-exercise/internal/cache/fallback.go:280.6,281.10 1 26
github.com/Zmey56/go-exercise/internal/cache/fallback.go:282.29,283.39 1 0
github.com/Zmey56/go-exercise/internal/cache/fallback.go:284.19,285.43 1 22
github.com/Zmey56/go-exercise/internal/cache/fallback.go:286.19,287.10 1 4
github.com/Zmey56/go-exercise/internal/cache/fallback.go:288.21,289.10 1 0
github.com/Zmey56/go-exercise/internal/cache/fallback.go:295.60,301.6 4 2
github.com/Zmey56/go-exercise/internal/cache/fallback.go:301.6,302.10 1 2
github.com/Zmey56/go-exercise/internal/cache/fallback.go:303.19,304.23 1 0
github.com/Zmey56/go-exercise/internal/cache/fallback.go:305.19,306.10 1 2
github.com/Zmey56/go-exercise/internal/cache/fallback.go:307.21,308.10 1 0
github.com/Zmey56/go-exercise/internal/cache/fallback.go:314.94,316.16 2 0
github.com/Zmey56/go-exercise/internal/cache/fallback.go:316.16,318.3 1 0
github.com/Zmey56/go-exercise/internal/cache/fallback.go:320.2,320.33 1 0
github.com/Zmey56/go-exercise/internal/cache/fallback.go:324.91,328.27 2 22
github.com/Zmey56/go-exercise/internal/cache/fallback.go:328.27,329.10 1 0
github.com/Zmey56/go-exercise/internal/cache/fallback.go:330.27,330.27 0 0
github.com/Zmey56/go-exercise/internal/cache/fallback.go:331.11,331.11 0 0
github.com/Zmey56/go-exercise/internal/cache/fallback.go:338.57,340.44 1 1
github.com/Zmey56/go-exercise/internal/cache/fallback.go:340.44,343.3 1 0
github.com/Zmey56/go-exercise/internal/cache/fallback.go:345.2,345.12 1 1
github.com/Zmey56/go-exercise/internal/cache/fallback.go:349.39,354.42 2 1
github.com/Zmey56/go-exercise/internal/cache/fallback.go:354.42,357.3 1 0
github.com/Zmey56/go-exercise/internal/cache/fallback.go:360.2,361.12 2 1
github.com/Zmey56/go-exercise/internal/cache/interface.go:16.39,18.2 1 56
github.com/Zmey56/go-exercise/internal/cache/interface.go:21.42,23.2 1 24
github.com/Zmey56/go-exercise/internal/cache/interface.go:88.39,102.2 1 10
github.com/Zmey56/go-exercise/internal/cache/legacy.go:14.47,16.2 1 1
github.com/Zmey56/go-exercise/internal/cache/legacy.go:19.55,22.26 3 2
github.com/Zmey56/go-exercise/internal/cache/legacy.go:22.26,24.3 1 1
github.com/Zmey56/go-exercise/internal/cache/legacy.go:25.2,25.38 1 1
github.com/Zmey56/go-exercise/internal/cache/legacy.go:25.38,27.3 1 1
github.com/Zmey56/go-exercise/internal/cache/legacy.go:28.2,28.17 1 0
github.com/Zmey56/go-exercise/internal/cache/legacy.go:32.54,35.2 2 1
github.com/Zmey56/go-exercise/internal/cache/memory.go:29.58,35.2 1 10
github.com/Zmey56/go-exercise/internal/cache/memory.go:38.89,43.13 4 24
github.com/Zmey56/go-exercise/internal/cache/memory.go:43.13,46.3 2 6
github.com/Zmey56/go-exercise/internal/cache/memory.go:48.2,48.23 1 18
github.com/Zmey56/go-exercise/internal/cache/memory.go:48.23,54.3 5 3
github.com/Zmey56/go-exercise/internal/cache/memory.go:56.2,57.31 2 15
github.com/Zmey56/go-exercise/internal/cache/memory.go:61.106,62.14 1 26
github.com/Zmey56/go-exercise/internal/cache/memory.go:62.14,64.3 1 0
github.com/Zmey56/go-exercise/internal/cache/memory.go:65.2,65.27 1 26
github.com/Zmey56/go-exercise/internal/cache/memory.go:65.27,67.3 1 0
github.com/Zmey56/go-exercise/internal/cache/memory.go:69.2,79.44 4 26
github.com/Zmey56/go-exercise/internal/cache/memory.go:79.44,81.3 1 1
github.com/Zmey56/go-exercise/internal/cache/memory.go:83.2,84.12 2 26
github.com/Zmey56/go-exercise/internal/cache/memory.go:88.71,94.2 4 0
github.com/Zmey56/go-exercise/internal/cache/memory.go:97.58,103.2 4 2
github.com/Zmey56/go-exercise/internal/cache/memory.go:106.105,107.20 1 1
github.com/Zmey56/go-exercise/internal/cache/memory.go:107.20,109.3 1 0
github.com/Zmey56/go-exercise/internal/cache/memory.go:111.2,115.27 4 1
github.com/Zmey56/go-exercise/internal/cache/memory.go:115.27,116.65 1 4
github.com/Zmey56/go-exercise/internal/cache/memory.go:116.65,118.4 1 3
github.com/Zmey56/go-exercise/internal/cache/memory.go:121.2,121.20 1 1
github.com/Zmey56/go-exercise/internal/cache/memory.go:125.113,126.21 1 1
github.com/Zmey56/go-exercise/internal/cache/memory.go:126.21,128.3 1 0
github.com/Zmey56/go-exercise/internal/cache/memory.go:130.2,134.55 3 1
github.com/Zmey56/go-exercise/internal/cache/memory.go:134.55,136.3 1 0
github.com/Zmey56/go-exercise/internal/cache/memory.go:138.2,138.32 1 1
github.com/Zmey56/go-exercise/internal/cache/memory.go:138.32,145.3 2 3
github.com/Zmey56/go-exercise/internal/cache/memory.go:147.2,147.12 1 1
github.com/Zmey56/go-exercise/internal/cache/memory.go:151.101,156.13 4 2
github.com/Zmey56/go-exercise/internal/cache/memory.go:156.13,159.3 2 0
github.com/Zmey56/go-exercise/internal/cache/memory.go:161.2,161.23 1 2
github.com/Zmey56/go-exercise/internal/cache/memory.go:161.23,167.3 5 1
github.com/Zmey56/go-exercise/internal/cache/memory.go:169.2,170.25 2 1
github.com/Zmey56/go-exercise/internal/cache/memory.go:174.99,179.44 3 0
github.com/Zmey56/go-exercise/internal/cache/memory.go:179.44,181.3 1 0
github.com/Zmey56/go-exercise/internal/cache/memory.go:183.2,184.12 2 0
github.com/Zmey56/go-exercise/internal/cache/memory.go:188.90,192.42 3 1
github.com/Zmey56/go-exercise/internal/cache/memory.go:192.42,194.3 1 1
github.com/Zmey56/go-exercise/internal/cache/memory.go:196.2,196.12 1 1
github.com/Zmey56/go-exercise/internal/cache/memory.go:200.85,204.42 3 1
github.com/Zmey56/go-exercise/internal/cache/memory.go:204.42,205.24 1 1
github.com/Zmey56/go-exercise/internal/cache/memory.go:205.24,207.4 1 0
github.com/Zmey56/go-exercise/internal/cache/memory.go:208.3,208.26 1 1
github.com/Zmey56/go-exercise/internal/cache/memory.go:211.2,211.39 1 0
github.com/Zmey56/go-exercise/internal/cache/memory.go:215.72,220.33 4 1
github.com/Zmey56/go-exercise/internal/cache/memory.go:220.33,221.24 1 4
github.com/Zmey56/go-exercise/internal/cache/memory.go:221.24,223.4 1 2
github.com/Zmey56/go-exercise/internal/cache/memory.go:226.2,226.34 1 1
github.com/Zmey56/go-exercise/internal/cache/memory.go:226.34,228.3 1 2
github.com/Zmey56/go-exercise/internal/cache/memory.go:230.2,231.30 2 1
github.com/Zmey56/go-exercise/internal/cache/memory.go:235.66,240.2 3 3
github.com/Zmey56/go-exercise/internal/cache/memory.go:243.100,247.2 1 0
github.com/Zmey56/go-exercise/internal/cache/memory.go:250.55,252.2 1 0
github.com/Zmey56/go-exercise/internal/cache/memory.go:255.57,257.2 1 0
github.com/Zmey56/go-exercise/internal/cache/memory.go:260.39,262.2 1 1
github.com/Zmey56/go-exercise/internal/cache/memory.go:265.36,266.22 1 1
github.com/Zmey56/go-exercise/internal/cache/memory.go:266.22,268.3 1 0
github.com/Zmey56/go-exercise/internal/cache/memory.go:271.2,277.33 3 1
github.com/Zmey56/go-exercise/internal/cache/memory.go:277.33,279.3 1 5
github.com/Zmey56/go-exercise/internal/cache/memory.go:281.2,281.42 1 1
github.com/Zmey56/go-exercise/internal/cache/memory.go:281.42,283.3 1 4
github.com/Zmey56/go-exercise/internal/cache/memory.go:286.2,287.21 2 1
github.com/Zmey56/go-exercise/internal/cache/memory.go:287.21,289.3 1 1
github.com/Zmey56/go-exercise/internal/cache/memory.go:291.2,291.34 1 1
github.com/Zmey56/go-exercise/internal/cache/memory.go:291.34,293.3 1 1
github.com/Zmey56/go-exercise/internal/cache/memory.go:295.2,295.44 1 1
github.com/Zmey56/go-exercise/internal/cache/memory.go:299.69,305.33 4 22
github.com/Zmey56/go-exercise/internal/cache/memory.go:305.33,306.24 1 22
github.com/Zmey56/go-exercise/internal/cache/memory.go:306.24,307.12 1 0
github.com/Zmey56/go-exercise/internal/cache/memory.go:310.3,314.34 4 22
github.com/Zmey56/go-exercise/internal/cache/memory.go:314.34,316.4 1 0
github.com/Zmey56/go-exercise/internal/cache/memory.go:319.2,319.21 1 22
github.com/Zmey56/go-exercise/internal/cache/memory.go:323.48,325.2 1 1
github.com/Zmey56/go-exercise/internal/cache/memory.go:328.34,332.2 3 16
github.com/Zmey56/go-exercise/internal/cache/memory.go:335.35,339.2 3 10
github.com/Zmey56/go-exercise/internal/cache/memory.go:342.51,346.2 3 2
github.com/Zmey56/go-exercise/internal/cache/memory.go:349.38,353.2 3 0
github.com/Zmey56/go-exercise/internal/cache/memory.go:356.40,361.16 4 1
github.com/Zmey56/go-exercise/internal/cache/memory.go:361.16,363.3 1 0
github.com/Zmey56/go-exercise/internal/cache/memory.go:365.2,365.41 1 1
github.com/Zmey56/go-exercise/internal/cache/redis.go:22.61,25.16 2 2
github.com/Zmey56/go-exercise/internal/cache/redis.go:25.16,27.3 1 0
github.com/Zmey56/go-exercise/internal/cache/redis.go:29.2,41.47 5 2
github.com/Zmey56/go-exercise/internal/cache/redis.go:41.47,43.3 1 0
github.com/Zmey56/go-exercise/internal/cache/redis.go:45.2,48.8 1 2
github.com/Zmey56/go-exercise/internal/cache/redis.go:52.86,54.16 2 3
github.com/Zmey56/go-exercise/internal/cache/redis.go:54.16,55.23 1 1
github.com/Zmey56/go-exercise/internal/cache/redis.go:55.23,57.4 1 1
github.com/Zmey56/go-exercise/internal/cache/redis.go:58.3,58.25 1 0
github.com/Zmey56/go-exercise/internal/cache/redis.go:61.2,62.60 2 2
github.com/Zmey56/go-exercise/internal/cache/redis.go:62.60,64.3 1 0
github.com/Zmey56/go-exercise/internal/cache/redis.go:66.2,66.23 1 2
github.com/Zmey56/go-exercise/internal/cache/redis.go:66.23,70.3 2 0
github.com/Zmey56/go-exercise/internal/cache/redis.go:72.2,72.31 1 2
github.com/Zmey56/go-exercise/internal/cache/redis.go:76.103,77.14 1 5
github.com/Zmey56/go-exercise/internal/cache/redis.go:77.14,79.3 1 0
github.com/Zmey56/go-exercise/internal/cache/redis.go:80.2,80.27 1 5
github.com/Zmey56/go-exercise/internal/cache/redis.go:80.27,82.3 1 0
github.com/Zmey56/go-exercise/internal/cache/redis.go:84.2,91.16 3 5
github.com/Zmey56/go-exercise/internal/cache/redis.go:91.16,93.3 1 0
github.com/Zmey56/go-exercise/internal/cache/redis.go:95.2,95.48 1 5
github.com/Zmey56/go-exercise/internal/cache/redis.go:99.68,101.2 1 0
github.com/Zmey56/go-exercise/internal/cache/redis.go:104.55,106.2 1 3
github.com/Zmey56/go-exercise/internal/cache/redis.go:109.102,110.20 1 1
github.com/Zmey56/go-exercise/internal/cache/redis.go:110.20,112.3 1 0
github.com/Zmey56/go-exercise/internal/cache/redis.go:114.2,115.16 2 1
github.com/Zmey56/go-exercise/internal/cache/redis.go:115.16,117.3 1 0
github.com/Zmey56/go-exercise/internal/cache/redis.go:119.2,120.27 2 1
github.com/Zmey56/go-exercise/internal/cache/redis.go:120.27,121.17 1 4
github.com/Zmey56/go-exercise/internal/cache/redis.go:121.17,122.12 1 1
github.com/Zmey56/go-exercise/internal/cache/redis.go:125.3,126.70 2 3
github.com/Zmey56/go-exercise/internal/cache/redis.go:126.70,127.12 1 0
github.com/Zmey56/go-exercise/internal/cache/redis.go:130.3,130.25 1 3
github.com/Zmey56/go-exercise/internal/cache/redis.go:130.25,132.4 1 3
github.com/Zmey56/go-exercise/internal/cache/redis.go:135.2,135.20 1 1
github.com/Zmey56/go-exercise/internal/cache/redis.go:139.110,140.21 1 1
github.com/Zmey56/go-exercise/internal/cache/redis.go:140.21,142.3 1 0
github.com/Zmey56/go-exercise/internal/cache/redis.go:144.2,145.32 2 1
github.com/Zmey56/go-exercise/internal/cache/redis.go:145.32,153.17 3 3
github.com/Zmey56/go-exercise/internal/cache/redis.go:153.17,155.4 1 0
github.com/Zmey56/go-exercise/internal/cache/redis.go:157.3,157.32 1 3
github.com/Zmey56/go-exercise/internal/cache/redis.go:160.2,161.12 2 1
github.com/Zmey56/go-exercise/internal/cache/redis.go:165.98,167.16 2 1
github.com/Zmey56/go-exercise/internal/cache/redis.go:167.16,168.23 1 0
github.com/Zmey56/go-exercise/internal/cache/redis.go:168.23,170.4 1 0
github.com/Zmey56/go-exercise/internal/cache/redis.go:171.3,171.25 1 0
github.com/Zmey56/go-exercise/internal/cache/redis.go:174.2,175.60 2 1
github.com/Zmey56/go-exercise/internal/cache/redis.go:175.60,177.3 1 0
github.com/Zmey56/go-exercise/internal/cache/redis.go:179.2,179.23 1 1
github.com/Zmey56/go-exercise/internal/cache/redis.go:179.23,182.3 2 0
github.com/Zmey56/go-exercise/internal/cache/redis.go:184.2,184.26 1 1
github.com/Zmey56/go-exercise/internal/cache/redis.go:188.96,190.16 2 1
github.com/Zmey56/go-exercise/internal/cache/redis.go:190.16,192.3 1 0
github.com/Zmey56/go-exercise/internal/cache/redis.go:194.2,195.14 2 1
github.com/Zmey56/go-exercise/internal/cache/redis.go:195.14,197.3 1 0
github.com/Zmey56/go-exercise/internal/cache/redis.go:199.2,199.48 1 1
github.com/Zmey56/go-exercise/internal/cache/redis.go:203.87,205.2 1 1
github.com/Zmey56/go-exercise/internal/cache/redis.go:208.82,210.2 1 1
github.com/Zmey56/go-exercise/internal/cache/redis.go:213.69,216.16 2 0
github.com/Zmey56/go-exercise/internal/cache/redis.go:216.16,218.3 1 0
github.com/Zmey56/go-exercise/internal/cache/redis.go:220.2,222.27 3 0
github.com/Zmey56/go-exercise/internal/cache/redis.go:222.27,224.17 2 0
github.com/Zmey56/go-exercise/internal/cache/redis.go:224.17,225.12 1 0
github.com/Zmey56/go-exercise/internal/cache/redis.go:227.3,227.35 1 0
github.com/Zmey56/go-exercise/internal/cache/redis.go:227.35,230.4 2 0
github.com/Zmey56/go-exercise/internal/cache/redis.go:233.2,233.22 1 0
github.com/Zmey56/go-exercise/internal/cache/redis.go:233.22,235.3 1 0
github.com/Zmey56/go-exercise/internal/cache/redis.go:237.2,237.26 1 0
github.com/Zmey56/go-exercise/internal/cache/redis.go:241.63,243.2 1 3
github.com/Zmey56/go-exercise/internal/cache/redis.go:246.97,250.2 1 0
github.com/Zmey56/go-exercise/internal/cache/redis.go:253.52,255.2 1 0
github.com/Zmey56/go-exercise/internal/cache/redis.go:258.54,260.2 1 2
github.com/Zmey56/go-exercise/internal/cache/redis.go:263.36,265.2 1 2
github.com/Zmey56/go-exercise/internal/cache/redis.go:268.112,270.40 1 9
github.com/Zmey56/go-exercise/internal/cache/redis.go:270.40,272.3 1 1
github.com/Zmey56/go-exercise/internal/cache/redis.go:275.2,276.16 2 8
github.com/Zmey56/go-exercise/internal/cache/redis.go:276.16,278.3 1 1
github.com/Zmey56/go-exercise/internal/cache/redis.go:281.2,282.16 2 7
github.com/Zmey56/go-exercise/internal/cache/redis.go:282.16,284.3 1 0
github.com/Zmey56/go-exercise/internal/cache/redis.go:287.2,288.19 2 7
github.com/Zmey56/go-exercise/internal/cache/redis.go:288.19,289.54 1 2
github.com/Zmey56/go-exercise/internal/cache/redis.go:289.54,291.4 1 2
github.com/Zmey56/go-exercise/internal/cache/redis.go:295.2,296.35 2 7
github.com/Zmey56/go-exercise/internal/cache/redis.go:296.35,298.18 2 2
github.com/Zmey56/go-exercise/internal/cache/redis.go:298.18,299.56 1 2
github.com/Zmey56/go-exercise/internal/cache/redis.go:299.56,301.5 1 2
github.com/Zmey56/go-exercise/internal/cache/redis.go:305.2,305.32 1 7
github.com/Zmey56/go-exercise/internal/kraken/client.go:24.56,26.2 1 0
github.com/Zmey56/go-exercise/internal/kraken/client.go:28.65,29.23 1 10
github.com/Zmey56/go-exercise/internal/kraken/client.go:29.23,31.3 1 0
github.com/Zmey56/go-exercise/internal/kraken/client.go:32.2,36.3 1 10
github.com/Zmey56/go-exercise/internal/kraken/client.go:41.101,44.15 3 11
github.com/Zmey56/go-exercise/internal/kraken/client.go:44.15,47.3 2 11
github.com/Zmey56/go-exercise/internal/kraken/client.go:49.2,49.23 1 11
github.com/Zmey56/go-exercise/internal/kraken/client.go:49.23,52.3 2 2
github.com/Zmey56/go-exercise/internal/kraken/client.go:54.2,55.53 2 9
github.com/Zmey56/go-exercise/internal/kraken/client.go:55.53,59.3 3 21
github.com/Zmey56/go-exercise/internal/kraken/client.go:61.2,61.16 1 9
github.com/Zmey56/go-exercise/internal/kraken/client.go:61.16,64.3 2 8
github.com/Zmey56/go-exercise/internal/kraken/client.go:66.2,67.20 2 1
github.com/Zmey56/go-exercise/internal/kraken/client.go:71.97,77.16 5 21
github.com/Zmey56/go-exercise/internal/kraken/client.go:77.16,79.3 1 0
github.com/Zmey56/go-exercise/internal/kraken/client.go:81.2,82.16 2 21
github.com/Zmey56/go-exercise/internal/kraken/client.go:82.16,84.3 1 2
github.com/Zmey56/go-exercise/internal/kraken/client.go:85.2,87.38 2 19
github.com/Zmey56/go-exercise/internal/kraken/client.go:87.38,91.3 2 16
github.com/Zmey56/go-exercise/internal/kraken/client.go:93.2,94.63 2 3
github.com/Zmey56/go-exercise/internal/kraken/client.go:94.63,96.3 1 1
github.com/Zmey56/go-exercise/internal/kraken/client.go:98.2,98.23 1 2
github.com/Zmey56/go-exercise/internal/kraken/client.go:98.23,101.3 1 1
github.com/Zmey56/go-exercise/internal/kraken/client.go:103.2,104.36 2 1
github.com/Zmey56/go-exercise/internal/kraken/client.go:104.36,105.24 1 1
github.com/Zmey56/go-exercise/internal/kraken/client.go:105.24,106.12 1 0
github.com/Zmey56/go-exercise/internal/kraken/client.go:109.3,110.58 2 1
github.com/Zmey56/go-exercise/internal/kraken/client.go:110.58,112.4 1 1
github.com/Zmey56/go-exercise/internal/kraken/client.go:115.2,115.17 1 1
